../userLib/MFRC522.c:15:6:Write_MFRC522	24	static
../userLib/MFRC522.c:49:8:Read_MFRC522	24	static
../userLib/MFRC522.c:87:6:SetBitMask	24	static
../userLib/MFRC522.c:100:6:ClearBitMask	24	static
../userLib/MFRC522.c:114:6:AntennaOn	8	static
../userLib/MFRC522.c:126:6:AntennaOff	8	static
../userLib/MFRC522.c:138:6:MFRC522_Reset	8	static
../userLib/MFRC522.c:149:6:MFRC522_Init	8	static
../userLib/MFRC522.c:182:8:MFRC522_Request	32	static
../userLib/MFRC522.c:210:8:MFRC522_ToCard	48	static
../userLib/MFRC522.c:329:8:MFRC522_Anticoll	32	static
../userLib/MFRC522.c:372:8:MFRC522_Read	32	static
../userLib/MFRC522.c:397:8:MFRC522_Write	56	static
../userLib/MFRC522.c:438:6:CalulateCRC	40	static
../userLib/MFRC522.c:479:8:MFRC522_Auth	56	static
../userLib/MFRC522.c:514:8:MFRC522_SelectTag	48	static
../userLib/MFRC522.c:552:6:MFRC522_Halt	32	static
../userLib/MFRC522.c:566:6:MFRC522_StopCrypto1	8	static
