Archive member included to satisfy reference by file (symbol)

c:/progra~2/gnu arm embedded toolchain/10 2021.10/bin/../lib/gcc/arm-none-eabi/10.3.1/../../../../arm-none-eabi/lib/thumb/v7-m/nofp\libg.a(lib_a-errno.o)
                              CMakeFiles/STM32RC522_DAT.elf.dir/Core/Src/syscalls.c.obj (__errno)
c:/progra~2/gnu arm embedded toolchain/10 2021.10/bin/../lib/gcc/arm-none-eabi/10.3.1/../../../../arm-none-eabi/lib/thumb/v7-m/nofp\libg.a(lib_a-exit.o)
                              c:/progra~2/gnu arm embedded toolchain/10 2021.10/bin/../lib/gcc/arm-none-eabi/10.3.1/../../../../arm-none-eabi/lib/thumb/v7-m/nofp/crt0.o (exit)
c:/progra~2/gnu arm embedded toolchain/10 2021.10/bin/../lib/gcc/arm-none-eabi/10.3.1/../../../../arm-none-eabi/lib/thumb/v7-m/nofp\libg.a(lib_a-impure.o)
                              c:/progra~2/gnu arm embedded toolchain/10 2021.10/bin/../lib/gcc/arm-none-eabi/10.3.1/../../../../arm-none-eabi/lib/thumb/v7-m/nofp\libg.a(lib_a-exit.o) (_global_impure_ptr)
c:/progra~2/gnu arm embedded toolchain/10 2021.10/bin/../lib/gcc/arm-none-eabi/10.3.1/../../../../arm-none-eabi/lib/thumb/v7-m/nofp\libg.a(lib_a-init.o)
                              c:/progra~2/gnu arm embedded toolchain/10 2021.10/bin/../lib/gcc/arm-none-eabi/10.3.1/../../../../arm-none-eabi/lib/thumb/v7-m/nofp/crt0.o (__libc_init_array)
c:/progra~2/gnu arm embedded toolchain/10 2021.10/bin/../lib/gcc/arm-none-eabi/10.3.1/../../../../arm-none-eabi/lib/thumb/v7-m/nofp\libg.a(lib_a-memset.o)
                              c:/progra~2/gnu arm embedded toolchain/10 2021.10/bin/../lib/gcc/arm-none-eabi/10.3.1/../../../../arm-none-eabi/lib/thumb/v7-m/nofp/crt0.o (memset)
c:/progra~2/gnu arm embedded toolchain/10 2021.10/bin/../lib/gcc/arm-none-eabi/10.3.1/../../../../arm-none-eabi/lib/thumb/v7-m/nofp\libg.a(lib_a-__call_atexit.o)
                              c:/progra~2/gnu arm embedded toolchain/10 2021.10/bin/../lib/gcc/arm-none-eabi/10.3.1/../../../../arm-none-eabi/lib/thumb/v7-m/nofp\libg.a(lib_a-exit.o) (__call_exitprocs)
c:/progra~2/gnu arm embedded toolchain/10 2021.10/bin/../lib/gcc/arm-none-eabi/10.3.1/../../../../arm-none-eabi/lib/thumb/v7-m/nofp\libg.a(lib_a-atexit.o)
                              c:/progra~2/gnu arm embedded toolchain/10 2021.10/bin/../lib/gcc/arm-none-eabi/10.3.1/../../../../arm-none-eabi/lib/thumb/v7-m/nofp\libg.a(lib_a-__call_atexit.o) (atexit)
c:/progra~2/gnu arm embedded toolchain/10 2021.10/bin/../lib/gcc/arm-none-eabi/10.3.1/../../../../arm-none-eabi/lib/thumb/v7-m/nofp\libg.a(lib_a-fini.o)
                              c:/progra~2/gnu arm embedded toolchain/10 2021.10/bin/../lib/gcc/arm-none-eabi/10.3.1/../../../../arm-none-eabi/lib/thumb/v7-m/nofp\libg.a(lib_a-__call_atexit.o) (__libc_fini_array)
c:/progra~2/gnu arm embedded toolchain/10 2021.10/bin/../lib/gcc/arm-none-eabi/10.3.1/../../../../arm-none-eabi/lib/thumb/v7-m/nofp\libg.a(lib_a-lock.o)
                              c:/progra~2/gnu arm embedded toolchain/10 2021.10/bin/../lib/gcc/arm-none-eabi/10.3.1/../../../../arm-none-eabi/lib/thumb/v7-m/nofp\libg.a(lib_a-__call_atexit.o) (__retarget_lock_acquire_recursive)
c:/progra~2/gnu arm embedded toolchain/10 2021.10/bin/../lib/gcc/arm-none-eabi/10.3.1/../../../../arm-none-eabi/lib/thumb/v7-m/nofp\libg.a(lib_a-__atexit.o)
                              c:/progra~2/gnu arm embedded toolchain/10 2021.10/bin/../lib/gcc/arm-none-eabi/10.3.1/../../../../arm-none-eabi/lib/thumb/v7-m/nofp\libg.a(lib_a-atexit.o) (__register_exitproc)

Discarded input sections

 .text          0x00000000        0x0 c:/progra~2/gnu arm embedded toolchain/10 2021.10/bin/../lib/gcc/arm-none-eabi/10.3.1/thumb/v7-m/nofp/crti.o
 .data          0x00000000        0x0 c:/progra~2/gnu arm embedded toolchain/10 2021.10/bin/../lib/gcc/arm-none-eabi/10.3.1/thumb/v7-m/nofp/crti.o
 .bss           0x00000000        0x0 c:/progra~2/gnu arm embedded toolchain/10 2021.10/bin/../lib/gcc/arm-none-eabi/10.3.1/thumb/v7-m/nofp/crti.o
 .data          0x00000000        0x4 c:/progra~2/gnu arm embedded toolchain/10 2021.10/bin/../lib/gcc/arm-none-eabi/10.3.1/thumb/v7-m/nofp/crtbegin.o
 .rodata        0x00000000       0x24 c:/progra~2/gnu arm embedded toolchain/10 2021.10/bin/../lib/gcc/arm-none-eabi/10.3.1/thumb/v7-m/nofp/crtbegin.o
 .text          0x00000000       0x7c c:/progra~2/gnu arm embedded toolchain/10 2021.10/bin/../lib/gcc/arm-none-eabi/10.3.1/../../../../arm-none-eabi/lib/thumb/v7-m/nofp/crt0.o
 .data          0x00000000        0x0 c:/progra~2/gnu arm embedded toolchain/10 2021.10/bin/../lib/gcc/arm-none-eabi/10.3.1/../../../../arm-none-eabi/lib/thumb/v7-m/nofp/crt0.o
 .bss           0x00000000        0x0 c:/progra~2/gnu arm embedded toolchain/10 2021.10/bin/../lib/gcc/arm-none-eabi/10.3.1/../../../../arm-none-eabi/lib/thumb/v7-m/nofp/crt0.o
 .ARM.extab     0x00000000        0x0 c:/progra~2/gnu arm embedded toolchain/10 2021.10/bin/../lib/gcc/arm-none-eabi/10.3.1/../../../../arm-none-eabi/lib/thumb/v7-m/nofp/crt0.o
[...]
Memory Configuration

Name             Origin             Length             Attributes
RAM              0x20000000         0x00005000         xrw
FLASH            0x08000000         0x00010000         xr
*default*        0x00000000         0xffffffff

Linker script and memory map

LOAD c:/progra~2/gnu arm embedded toolchain/10 2021.10/bin/../lib/gcc/arm-none-eabi/10.3.1/thumb/v7-m/nofp/crti.o
LOAD c:/progra~2/gnu arm embedded toolchain/10 2021.10/bin/../lib/gcc/arm-none-eabi/10.3.1/thumb/v7-m/nofp/crtbegin.o
LOAD c:/progra~2/gnu arm embedded toolchain/10 2021.10/bin/../lib/gcc/arm-none-eabi/10.3.1/../../../../arm-none-eabi/lib/thumb/v7-m/nofp/crt0.o
LOAD CMakeFiles/STM32RC522_DAT.elf.dir/Core/Src/gpio.c.obj
LOAD CMakeFiles/STM32RC522_DAT.elf.dir/Core/Src/main.c.obj
LOAD CMakeFiles/STM32RC522_DAT.elf.dir/Core/Src/spi.c.obj
LOAD CMakeFiles/STM32RC522_DAT.elf.dir/Core/Src/stm32f1xx_hal_msp.c.obj
LOAD CMakeFiles/STM32RC522_DAT.elf.dir/Core/Src/stm32f1xx_it.c.obj
LOAD CMakeFiles/STM32RC522_DAT.elf.dir/Core/Src/syscalls.c.obj
LOAD CMakeFiles/STM32RC522_DAT.elf.dir/Core/Src/sysmem.c.obj
LOAD CMakeFiles/STM32RC522_DAT.elf.dir/Core/Src/system_stm32f1xx.c.obj
LOAD CMakeFiles/STM32RC522_DAT.elf.dir/Core/Src/usart.c.obj
LOAD CMakeFiles/STM32RC522_DAT.elf.dir/Core/Startup/startup_stm32f103c8tx.s.obj
LOAD CMakeFiles/STM32RC522_DAT.elf.dir/Drivers/STM32F1xx_HAL_Driver/Src/stm32f1xx_hal.c.obj
LOAD CMakeFiles/STM32RC522_DAT.elf.dir/Drivers/STM32F1xx_HAL_Driver/Src/stm32f1xx_hal_cortex.c.obj
LOAD CMakeFiles/STM32RC522_DAT.elf.dir/Drivers/STM32F1xx_HAL_Driver/Src/stm32f1xx_hal_dma.c.obj
LOAD CMakeFiles/STM32RC522_DAT.elf.dir/Drivers/STM32F1xx_HAL_Driver/Src/stm32f1xx_hal_exti.c.obj
LOAD CMakeFiles/STM32RC522_DAT.elf.dir/Drivers/STM32F1xx_HAL_Driver/Src/stm32f1xx_hal_flash.c.obj
LOAD CMakeFiles/STM32RC522_DAT.elf.dir/Drivers/STM32F1xx_HAL_Driver/Src/stm32f1xx_hal_flash_ex.c.obj
LOAD CMakeFiles/STM32RC522_DAT.elf.dir/Drivers/STM32F1xx_HAL_Driver/Src/stm32f1xx_hal_gpio.c.obj
LOAD CMakeFiles/STM32RC522_DAT.elf.dir/Drivers/STM32F1xx_HAL_Driver/Src/stm32f1xx_hal_gpio_ex.c.obj
LOAD CMakeFiles/STM32RC522_DAT.elf.dir/Drivers/STM32F1xx_HAL_Driver/Src/stm32f1xx_hal_pwr.c.obj
LOAD CMakeFiles/STM32RC522_DAT.elf.dir/Drivers/STM32F1xx_HAL_Driver/Src/stm32f1xx_hal_rcc.c.obj
LOAD CMakeFiles/STM32RC522_DAT.elf.dir/Drivers/STM32F1xx_HAL_Driver/Src/stm32f1xx_hal_rcc_ex.c.obj
LOAD CMakeFiles/STM32RC522_DAT.elf.dir/Drivers/STM32F1xx_HAL_Driver/Src/stm32f1xx_hal_spi.c.obj
LOAD CMakeFiles/STM32RC522_DAT.elf.dir/Drivers/STM32F1xx_HAL_Driver/Src/stm32f1xx_hal_tim.c.obj
LOAD CMakeFiles/STM32RC522_DAT.elf.dir/Drivers/STM32F1xx_HAL_Driver/Src/stm32f1xx_hal_tim_ex.c.obj
LOAD CMakeFiles/STM32RC522_DAT.elf.dir/Drivers/STM32F1xx_HAL_Driver/Src/stm32f1xx_hal_uart.c.obj
LOAD CMakeFiles/STM32RC522_DAT.elf.dir/userLib/MFRC522.c.obj
START GROUP
LOAD c:/progra~2/gnu arm embedded toolchain/10 2021.10/bin/../lib/gcc/arm-none-eabi/10.3.1/thumb/v7-m/nofp\libgcc.a
LOAD c:/progra~2/gnu arm embedded toolchain/10 2021.10/bin/../lib/gcc/arm-none-eabi/10.3.1/../../../../arm-none-eabi/lib/thumb/v7-m/nofp\libg.a
LOAD c:/progra~2/gnu arm embedded toolchain/10 2021.10/bin/../lib/gcc/arm-none-eabi/10.3.1/../../../../arm-none-eabi/lib/thumb/v7-m/nofp\libc.a
END GROUP
LOAD c:/progra~2/gnu arm embedded toolchain/10 2021.10/bin/../lib/gcc/arm-none-eabi/10.3.1/thumb/v7-m/nofp/crtend.o
LOAD c:/progra~2/gnu arm embedded toolchain/10 2021.10/bin/../lib/gcc/arm-none-eabi/10.3.1/thumb/v7-m/nofp/crtn.o
                0x20005000                _estack = (ORIGIN (RAM) + LENGTH (RAM))
                0x00000200                _Min_Heap_Size = 0x200
                0x00000400                _Min_Stack_Size = 0x400

.isr_vector     0x08000000      0x10c
                0x08000000                . = ALIGN (0x4)
 *(.isr_vector)
 .isr_vector    0x08000000      0x10c CMakeFiles/STM32RC522_DAT.elf.dir/Core/Startup/startup_stm32f103c8tx.s.obj
                0x08000000                g_pfnVectors
                0x0800010c                . = ALIGN (0x4)

.text           0x0800010c     0x1550
                0x0800010c                . = ALIGN (0x4)
 *(.text)
 .text          0x0800010c       0x40 c:/progra~2/gnu arm embedded toolchain/10 2021.10/bin/../lib/gcc/arm-none-eabi/10.3.1/thumb/v7-m/nofp/crtbegin.o
 *(.text*)
 .text.MX_GPIO_Init
                0x0800014c       0x68 CMakeFiles/STM32RC522_DAT.elf.dir/Core/Src/gpio.c.obj
                0x0800014c                MX_GPIO_Init
 .text.Error_Handler
                0x080001b4        0x4 CMakeFiles/STM32RC522_DAT.elf.dir/Core/Src/main.c.obj
                0x080001b4                Error_Handler
 .text.SystemClock_Config
                0x080001b8       0x52 CMakeFiles/STM32RC522_DAT.elf.dir/Core/Src/main.c.obj
                0x080001b8                SystemClock_Config
 .text.main     0x0800020a       0x18 CMakeFiles/STM32RC522_DAT.elf.dir/Core/Src/main.c.obj
                0x0800020a                main
 *fill*         0x08000222        0x2 
 .text.MX_SPI2_Init
                0x08000224       0x44 CMakeFiles/STM32RC522_DAT.elf.dir/Core/Src/spi.c.obj
                0x08000224                MX_SPI2_Init
 .text.HAL_SPI_MspInit
                0x08000268       0x78 CMakeFiles/STM32RC522_DAT.elf.dir/Core/Src/spi.c.obj
                0x08000268                HAL_SPI_MspInit
 .text.HAL_MspInit
                0x080002e0       0x44 CMakeFiles/STM32RC522_DAT.elf.dir/Core/Src/stm32f1xx_hal_msp.c.obj
                0x080002e0                HAL_MspInit
 .text.NMI_Handler
                0x08000324        0x2 CMakeFiles/STM32RC522_DAT.elf.dir/Core/Src/stm32f1xx_it.c.obj
                0x08000324                NMI_Handler
 .text.HardFault_Handler
                0x08000326        0x2 CMakeFiles/STM32RC522_DAT.elf.dir/Core/Src/stm32f1xx_it.c.obj
                0x08000326                HardFault_Handler
 .text.MemManage_Handler
                0x08000328        0x2 CMakeFiles/STM32RC522_DAT.elf.dir/Core/Src/stm32f1xx_it.c.obj
                0x08000328                MemManage_Handler
 .text.BusFault_Handler
                0x0800032a        0x2 CMakeFiles/STM32RC522_DAT.elf.dir/Core/Src/stm32f1xx_it.c.obj
                0x0800032a                BusFault_Handler
 .text.UsageFault_Handler
                0x0800032c        0x2 CMakeFiles/STM32RC522_DAT.elf.dir/Core/Src/stm32f1xx_it.c.obj
                0x0800032c                UsageFault_Handler
 .text.SVC_Handler
                0x0800032e        0x2 CMakeFiles/STM32RC522_DAT.elf.dir/Core/Src/stm32f1xx_it.c.obj
                0x0800032e                SVC_Handler
 .text.DebugMon_Handler
                0x08000330        0x2 CMakeFiles/STM32RC522_DAT.elf.dir/Core/Src/stm32f1xx_it.c.obj
                0x08000330                DebugMon_Handler
 .text.PendSV_Handler
                0x08000332        0x2 CMakeFiles/STM32RC522_DAT.elf.dir/Core/Src/stm32f1xx_it.c.obj
                0x08000332                PendSV_Handler
 .text.SysTick_Handler
                0x08000334        0x8 CMakeFiles/STM32RC522_DAT.elf.dir/Core/Src/stm32f1xx_it.c.obj
                0x08000334                SysTick_Handler
 .text.USART1_IRQHandler
                0x0800033c       0x10 CMakeFiles/STM32RC522_DAT.elf.dir/Core/Src/stm32f1xx_it.c.obj
                0x0800033c                USART1_IRQHandler
 .text.SystemInit
                0x0800034c        0x2 CMakeFiles/STM32RC522_DAT.elf.dir/Core/Src/system_stm32f1xx.c.obj
                0x0800034c                SystemInit
 *fill*         0x0800034e        0x2 
 .text.MX_USART1_UART_Init
                0x08000350       0x34 CMakeFiles/STM32RC522_DAT.elf.dir/Core/Src/usart.c.obj
                0x08000350                MX_USART1_UART_Init
 .text.HAL_UART_MspInit
                0x08000384       0x88 CMakeFiles/STM32RC522_DAT.elf.dir/Core/Src/usart.c.obj
                0x08000384                HAL_UART_MspInit
 .text.Reset_Handler
                0x0800040c       0x48 CMakeFiles/STM32RC522_DAT.elf.dir/Core/Startup/startup_stm32f103c8tx.s.obj
                0x0800040c                Reset_Handler
 .text.Default_Handler
                0x08000454        0x2 CMakeFiles/STM32RC522_DAT.elf.dir/Core/Startup/startup_stm32f103c8tx.s.obj
                0x08000454                RTC_Alarm_IRQHandler
                0x08000454                EXTI2_IRQHandler
                0x08000454                TIM1_CC_IRQHandler
                0x08000454                PVD_IRQHandler
                0x08000454                EXTI3_IRQHandler
                0x08000454                EXTI0_IRQHandler
                0x08000454                I2C2_EV_IRQHandler
                0x08000454                ADC1_2_IRQHandler
                0x08000454                SPI1_IRQHandler
                0x08000454                TAMPER_IRQHandler
                0x08000454                DMA1_Channel4_IRQHandler
                0x08000454                USART3_IRQHandler
                0x08000454                RTC_IRQHandler
                0x08000454                DMA1_Channel7_IRQHandler
                0x08000454                CAN1_RX1_IRQHandler
                0x08000454                TIM4_IRQHandler
                0x08000454                I2C1_EV_IRQHandler
                0x08000454                DMA1_Channel6_IRQHandler
                0x08000454                TIM3_IRQHandler
                0x08000454                RCC_IRQHandler
                0x08000454                TIM1_TRG_COM_IRQHandler
                0x08000454                DMA1_Channel1_IRQHandler
                0x08000454                Default_Handler
                0x08000454                EXTI15_10_IRQHandler
                0x08000454                EXTI9_5_IRQHandler
                0x08000454                SPI2_IRQHandler
                0x08000454                DMA1_Channel5_IRQHandler
                0x08000454                EXTI4_IRQHandler
                0x08000454                USB_LP_CAN1_RX0_IRQHandler
                0x08000454                USB_HP_CAN1_TX_IRQHandler
                0x08000454                DMA1_Channel3_IRQHandler
                0x08000454                TIM1_UP_IRQHandler
                0x08000454                WWDG_IRQHandler
                0x08000454                TIM2_IRQHandler
                0x08000454                TIM1_BRK_IRQHandler
                0x08000454                EXTI1_IRQHandler
                0x08000454                USART2_IRQHandler
                0x08000454                I2C2_ER_IRQHandler
                0x08000454                DMA1_Channel2_IRQHandler
                0x08000454                CAN1_SCE_IRQHandler
                0x08000454                FLASH_IRQHandler
                0x08000454                I2C1_ER_IRQHandler
                0x08000454                USBWakeUp_IRQHandler
 *fill*         0x08000456        0x2 
 .text.HAL_InitTick
                0x08000458       0x4c CMakeFiles/STM32RC522_DAT.elf.dir/Drivers/STM32F1xx_HAL_Driver/Src/stm32f1xx_hal.c.obj
                0x08000458                HAL_InitTick
 .text.HAL_Init
                0x080004a4       0x24 CMakeFiles/STM32RC522_DAT.elf.dir/Drivers/STM32F1xx_HAL_Driver/Src/stm32f1xx_hal.c.obj
                0x080004a4                HAL_Init
 .text.HAL_IncTick
                0x080004c8       0x18 CMakeFiles/STM32RC522_DAT.elf.dir/Drivers/STM32F1xx_HAL_Driver/Src/stm32f1xx_hal.c.obj
                0x080004c8                HAL_IncTick
 .text.HAL_GetTick
                0x080004e0        0xc CMakeFiles/STM32RC522_DAT.elf.dir/Drivers/STM32F1xx_HAL_Driver/Src/stm32f1xx_hal.c.obj
                0x080004e0                HAL_GetTick
 .text.HAL_NVIC_SetPriorityGrouping
                0x080004ec       0x24 CMakeFiles/STM32RC522_DAT.elf.dir/Drivers/STM32F1xx_HAL_Driver/Src/stm32f1xx_hal_cortex.c.obj
                0x080004ec                HAL_NVIC_SetPriorityGrouping
 .text.HAL_NVIC_SetPriority
                0x08000510       0x70 CMakeFiles/STM32RC522_DAT.elf.dir/Drivers/STM32F1xx_HAL_Driver/Src/stm32f1xx_hal_cortex.c.obj
                0x08000510                HAL_NVIC_SetPriority
 .text.HAL_NVIC_EnableIRQ
                0x08000580       0x1c CMakeFiles/STM32RC522_DAT.elf.dir/Drivers/STM32F1xx_HAL_Driver/Src/stm32f1xx_hal_cortex.c.obj
                0x08000580                HAL_NVIC_EnableIRQ
 .text.HAL_SYSTICK_Config
                0x0800059c       0x28 CMakeFiles/STM32RC522_DAT.elf.dir/Drivers/STM32F1xx_HAL_Driver/Src/stm32f1xx_hal_cortex.c.obj
                0x0800059c                HAL_SYSTICK_Config
 .text.HAL_DMA_Abort
                0x080005c4       0x44 CMakeFiles/STM32RC522_DAT.elf.dir/Drivers/STM32F1xx_HAL_Driver/Src/stm32f1xx_hal_dma.c.obj
                0x080005c4                HAL_DMA_Abort
 .text.HAL_DMA_Abort_IT
                0x08000608       0x98 CMakeFiles/STM32RC522_DAT.elf.dir/Drivers/STM32F1xx_HAL_Driver/Src/stm32f1xx_hal_dma.c.obj
                0x08000608                HAL_DMA_Abort_IT
 .text.HAL_GPIO_Init
                0x080006a0      0x224 CMakeFiles/STM32RC522_DAT.elf.dir/Drivers/STM32F1xx_HAL_Driver/Src/stm32f1xx_hal_gpio.c.obj
                0x080006a0                HAL_GPIO_Init
 .text.HAL_GPIO_WritePin
                0x080008c4        0xc CMakeFiles/STM32RC522_DAT.elf.dir/Drivers/STM32F1xx_HAL_Driver/Src/stm32f1xx_hal_gpio.c.obj
                0x080008c4                HAL_GPIO_WritePin
 .text.RCC_Delay
                0x080008d0       0x2c CMakeFiles/STM32RC522_DAT.elf.dir/Drivers/STM32F1xx_HAL_Driver/Src/stm32f1xx_hal_rcc.c.obj
 .text.HAL_RCC_OscConfig
                0x080008fc      0x410 CMakeFiles/STM32RC522_DAT.elf.dir/Drivers/STM32F1xx_HAL_Driver/Src/stm32f1xx_hal_rcc.c.obj
                0x080008fc                HAL_RCC_OscConfig
 .text.HAL_RCC_GetSysClockFreq
                0x08000d0c       0x70 CMakeFiles/STM32RC522_DAT.elf.dir/Drivers/STM32F1xx_HAL_Driver/Src/stm32f1xx_hal_rcc.c.obj
                0x08000d0c                HAL_RCC_GetSysClockFreq
 .text.HAL_RCC_ClockConfig
                0x08000d7c      0x16c CMakeFiles/STM32RC522_DAT.elf.dir/Drivers/STM32F1xx_HAL_Driver/Src/stm32f1xx_hal_rcc.c.obj
                0x08000d7c                HAL_RCC_ClockConfig
 .text.HAL_RCC_GetHCLKFreq
                0x08000ee8        0xc CMakeFiles/STM32RC522_DAT.elf.dir/Drivers/STM32F1xx_HAL_Driver/Src/stm32f1xx_hal_rcc.c.obj
                0x08000ee8                HAL_RCC_GetHCLKFreq
 .text.HAL_RCC_GetPCLK1Freq
                0x08000ef4       0x20 CMakeFiles/STM32RC522_DAT.elf.dir/Drivers/STM32F1xx_HAL_Driver/Src/stm32f1xx_hal_rcc.c.obj
                0x08000ef4                HAL_RCC_GetPCLK1Freq
 .text.HAL_RCC_GetPCLK2Freq
                0x08000f14       0x20 CMakeFiles/STM32RC522_DAT.elf.dir/Drivers/STM32F1xx_HAL_Driver/Src/stm32f1xx_hal_rcc.c.obj
                0x08000f14                HAL_RCC_GetPCLK2Freq
 .text.HAL_SPI_Init
                0x08000f34       0xb6 CMakeFiles/STM32RC522_DAT.elf.dir/Drivers/STM32F1xx_HAL_Driver/Src/stm32f1xx_hal_spi.c.obj
                0x08000f34                HAL_SPI_Init
 .text.UART_EndRxTransfer
                0x08000fea       0x32 CMakeFiles/STM32RC522_DAT.elf.dir/Drivers/STM32F1xx_HAL_Driver/Src/stm32f1xx_hal_uart.c.obj
 .text.UART_Transmit_IT
                0x0800101c       0x60 CMakeFiles/STM32RC522_DAT.elf.dir/Drivers/STM32F1xx_HAL_Driver/Src/stm32f1xx_hal_uart.c.obj
 .text.UART_SetConfig
                0x0800107c       0x94 CMakeFiles/STM32RC522_DAT.elf.dir/Drivers/STM32F1xx_HAL_Driver/Src/stm32f1xx_hal_uart.c.obj
 .text.HAL_UART_Init
                0x08001110       0x5e CMakeFiles/STM32RC522_DAT.elf.dir/Drivers/STM32F1xx_HAL_Driver/Src/stm32f1xx_hal_uart.c.obj
                0x08001110                HAL_UART_Init
 .text.HAL_UART_TxCpltCallback
                0x0800116e        0x2 CMakeFiles/STM32RC522_DAT.elf.dir/Drivers/STM32F1xx_HAL_Driver/Src/stm32f1xx_hal_uart.c.obj
                0x0800116e                HAL_UART_TxCpltCallback
 .text.UART_EndTransmit_IT
                0x08001170       0x1a CMakeFiles/STM32RC522_DAT.elf.dir/Drivers/STM32F1xx_HAL_Driver/Src/stm32f1xx_hal_uart.c.obj
 .text.HAL_UART_RxCpltCallback
                0x0800118a        0x2 CMakeFiles/STM32RC522_DAT.elf.dir/Drivers/STM32F1xx_HAL_Driver/Src/stm32f1xx_hal_uart.c.obj
                0x0800118a                HAL_UART_RxCpltCallback
 .text.HAL_UART_ErrorCallback
                0x0800118c        0x2 CMakeFiles/STM32RC522_DAT.elf.dir/Drivers/STM32F1xx_HAL_Driver/Src/stm32f1xx_hal_uart.c.obj
                0x0800118c                HAL_UART_ErrorCallback
 .text.UART_DMAAbortOnError
                0x0800118e       0x10 CMakeFiles/STM32RC522_DAT.elf.dir/Drivers/STM32F1xx_HAL_Driver/Src/stm32f1xx_hal_uart.c.obj
 .text.HAL_UARTEx_RxEventCallback
                0x0800119e        0x2 CMakeFiles/STM32RC522_DAT.elf.dir/Drivers/STM32F1xx_HAL_Driver/Src/stm32f1xx_hal_uart.c.obj
                0x0800119e                HAL_UARTEx_RxEventCallback
 .text.UART_Receive_IT
                0x080011a0       0xd4 CMakeFiles/STM32RC522_DAT.elf.dir/Drivers/STM32F1xx_HAL_Driver/Src/stm32f1xx_hal_uart.c.obj
 .text.HAL_UART_IRQHandler
                0x08001274      0x204 CMakeFiles/STM32RC522_DAT.elf.dir/Drivers/STM32F1xx_HAL_Driver/Src/stm32f1xx_hal_uart.c.obj
                0x08001274                HAL_UART_IRQHandler
 .text.__libc_init_array
                0x08001478       0x48 c:/progra~2/gnu arm embedded toolchain/10 2021.10/bin/../lib/gcc/arm-none-eabi/10.3.1/../../../../arm-none-eabi/lib/thumb/v7-m/nofp\libg.a(lib_a-init.o)
                0x08001478                __libc_init_array
 .text.memset   0x080014c0       0xa4 c:/progra~2/gnu arm embedded toolchain/10 2021.10/bin/../lib/gcc/arm-none-eabi/10.3.1/../../../../arm-none-eabi/lib/thumb/v7-m/nofp\libg.a(lib_a-memset.o)
                0x080014c0                memset
 .text.startup.register_fini
                0x08001564       0x14 c:/progra~2/gnu arm embedded toolchain/10 2021.10/bin/../lib/gcc/arm-none-eabi/10.3.1/../../../../arm-none-eabi/lib/thumb/v7-m/nofp\libg.a(lib_a-__call_atexit.o)
 .text.atexit   0x08001578        0xc c:/progra~2/gnu arm embedded toolchain/10 2021.10/bin/../lib/gcc/arm-none-eabi/10.3.1/../../../../arm-none-eabi/lib/thumb/v7-m/nofp\libg.a(lib_a-atexit.o)
                0x08001578                atexit
 .text.__libc_fini_array
                0x08001584       0x2c c:/progra~2/gnu arm embedded toolchain/10 2021.10/bin/../lib/gcc/arm-none-eabi/10.3.1/../../../../arm-none-eabi/lib/thumb/v7-m/nofp\libg.a(lib_a-fini.o)
                0x08001584                __libc_fini_array
 .text.__retarget_lock_acquire_recursive
                0x080015b0        0x4 c:/progra~2/gnu arm embedded toolchain/10 2021.10/bin/../lib/gcc/arm-none-eabi/10.3.1/../../../../arm-none-eabi/lib/thumb/v7-m/nofp\libg.a(lib_a-lock.o)
                0x080015b0                __retarget_lock_acquire_recursive
 .text.__retarget_lock_release_recursive
                0x080015b4        0x4 c:/progra~2/gnu arm embedded toolchain/10 2021.10/bin/../lib/gcc/arm-none-eabi/10.3.1/../../../../arm-none-eabi/lib/thumb/v7-m/nofp\libg.a(lib_a-lock.o)
                0x080015b4                __retarget_lock_release_recursive
 .text.__register_exitproc
                0x080015b8       0x8c c:/progra~2/gnu arm embedded toolchain/10 2021.10/bin/../lib/gcc/arm-none-eabi/10.3.1/../../../../arm-none-eabi/lib/thumb/v7-m/nofp\libg.a(lib_a-__atexit.o)
                0x080015b8                __register_exitproc
 *(.glue_7)
 .glue_7        0x08001644        0x0 linker stubs
 *(.glue_7t)
 .glue_7t       0x08001644        0x0 linker stubs
 *(.eh_frame)
 .eh_frame      0x08001644        0x0 c:/progra~2/gnu arm embedded toolchain/10 2021.10/bin/../lib/gcc/arm-none-eabi/10.3.1/thumb/v7-m/nofp/crtbegin.o
 *(.init)
 .init          0x08001644        0x4 c:/progra~2/gnu arm embedded toolchain/10 2021.10/bin/../lib/gcc/arm-none-eabi/10.3.1/thumb/v7-m/nofp/crti.o
                0x08001644                _init
 .init          0x08001648        0x8 c:/progra~2/gnu arm embedded toolchain/10 2021.10/bin/../lib/gcc/arm-none-eabi/10.3.1/thumb/v7-m/nofp/crtn.o
 *(.fini)
 .fini          0x08001650        0x4 c:/progra~2/gnu arm embedded toolchain/10 2021.10/bin/../lib/gcc/arm-none-eabi/10.3.1/thumb/v7-m/nofp/crti.o
                0x08001650                _fini
 .fini          0x08001654        0x8 c:/progra~2/gnu arm embedded toolchain/10 2021.10/bin/../lib/gcc/arm-none-eabi/10.3.1/thumb/v7-m/nofp/crtn.o
                0x0800165c                . = ALIGN (0x4)
                0x0800165c                _etext = .

.vfp11_veneer   0x0800165c        0x0
 .vfp11_veneer  0x0800165c        0x0 linker stubs

.v4_bx          0x0800165c        0x0
 .v4_bx         0x0800165c        0x0 linker stubs

.iplt           0x0800165c        0x0
 .iplt          0x0800165c        0x0 c:/progra~2/gnu arm embedded toolchain/10 2021.10/bin/../lib/gcc/arm-none-eabi/10.3.1/thumb/v7-m/nofp/crtbegin.o

.rodata         0x0800165c       0x30
                0x0800165c                . = ALIGN (0x4)
 *(.rodata)
 *(.rodata*)
 .rodata.AHBPrescTable
                0x0800165c       0x10 CMakeFiles/STM32RC522_DAT.elf.dir/Core/Src/system_stm32f1xx.c.obj
                0x0800165c                AHBPrescTable
 .rodata.APBPrescTable
                0x0800166c        0x8 CMakeFiles/STM32RC522_DAT.elf.dir/Core/Src/system_stm32f1xx.c.obj
                0x0800166c                APBPrescTable
 .rodata.HAL_RCC_GetSysClockFreq.str1.4
                0x08001674       0x11 CMakeFiles/STM32RC522_DAT.elf.dir/Drivers/STM32F1xx_HAL_Driver/Src/stm32f1xx_hal_rcc.c.obj
 *fill*         0x08001685        0x3 
 .rodata._global_impure_ptr
                0x08001688        0x4 c:/progra~2/gnu arm embedded toolchain/10 2021.10/bin/../lib/gcc/arm-none-eabi/10.3.1/../../../../arm-none-eabi/lib/thumb/v7-m/nofp\libg.a(lib_a-impure.o)
                0x08001688                _global_impure_ptr
                0x0800168c                . = ALIGN (0x4)

.rel.dyn        0x0800168c        0x0
 .rel.iplt      0x0800168c        0x0 c:/progra~2/gnu arm embedded toolchain/10 2021.10/bin/../lib/gcc/arm-none-eabi/10.3.1/thumb/v7-m/nofp/crtbegin.o

.ARM.extab      0x0800168c        0x0
                0x0800168c                . = ALIGN (0x4)
 *(.ARM.extab* .gnu.linkonce.armextab.*)
                0x0800168c                . = ALIGN (0x4)

.ARM            0x0800168c        0x0
                0x0800168c                . = ALIGN (0x4)
                0x0800168c                __exidx_start = .
 *(.ARM.exidx*)
                0x0800168c                __exidx_end = .
                0x0800168c                . = ALIGN (0x4)

.preinit_array  0x0800168c        0x0
                0x0800168c                . = ALIGN (0x4)
                0x0800168c                PROVIDE (__preinit_array_start = .)
 *(.preinit_array*)
                0x0800168c                PROVIDE (__preinit_array_end = .)
                0x0800168c                . = ALIGN (0x4)

.init_array     0x0800168c        0x8
                0x0800168c                . = ALIGN (0x4)
                0x0800168c                PROVIDE (__init_array_start = .)
 *(SORT_BY_NAME(.init_array.*))
 .init_array.00000
                0x0800168c        0x4 c:/progra~2/gnu arm embedded toolchain/10 2021.10/bin/../lib/gcc/arm-none-eabi/10.3.1/../../../../arm-none-eabi/lib/thumb/v7-m/nofp\libg.a(lib_a-__call_atexit.o)
 *(.init_array*)
 .init_array    0x08001690        0x4 c:/progra~2/gnu arm embedded toolchain/10 2021.10/bin/../lib/gcc/arm-none-eabi/10.3.1/thumb/v7-m/nofp/crtbegin.o
                0x08001694                PROVIDE (__init_array_end = .)
                0x08001694                . = ALIGN (0x4)

.fini_array     0x08001694        0x4
                0x08001694                . = ALIGN (0x4)
                0x08001694                PROVIDE (__fini_array_start = .)
 *(SORT_BY_NAME(.fini_array.*))
 *(.fini_array*)
 .fini_array    0x08001694        0x4 c:/progra~2/gnu arm embedded toolchain/10 2021.10/bin/../lib/gcc/arm-none-eabi/10.3.1/thumb/v7-m/nofp/crtbegin.o
                0x08001698                PROVIDE (__fini_array_end = .)
                0x08001698                . = ALIGN (0x4)
                0x08001698                _sidata = LOADADDR (.data)

.data           0x20000000      0x43c load address 0x08001698
                0x20000000                . = ALIGN (0x4)
                0x20000000                _sdata = .
 *(.data)
 *(.data*)
 .data.SystemCoreClock
                0x20000000        0x4 CMakeFiles/STM32RC522_DAT.elf.dir/Core/Src/system_stm32f1xx.c.obj
                0x20000000                SystemCoreClock
 .data.uwTickFreq
                0x20000004        0x1 CMakeFiles/STM32RC522_DAT.elf.dir/Drivers/STM32F1xx_HAL_Driver/Src/stm32f1xx_hal.c.obj
                0x20000004                uwTickFreq
 *fill*         0x20000005        0x3 
 .data.uwTickPrio
                0x20000008        0x4 CMakeFiles/STM32RC522_DAT.elf.dir/Drivers/STM32F1xx_HAL_Driver/Src/stm32f1xx_hal.c.obj
                0x20000008                uwTickPrio
 *fill*         0x2000000c        0x4 
 .data.impure_data
                0x20000010      0x428 c:/progra~2/gnu arm embedded toolchain/10 2021.10/bin/../lib/gcc/arm-none-eabi/10.3.1/../../../../arm-none-eabi/lib/thumb/v7-m/nofp\libg.a(lib_a-impure.o)
 .data.__atexit_recursive_mutex
                0x20000438        0x4 c:/progra~2/gnu arm embedded toolchain/10 2021.10/bin/../lib/gcc/arm-none-eabi/10.3.1/../../../../arm-none-eabi/lib/thumb/v7-m/nofp\libg.a(lib_a-__call_atexit.o)
                0x20000438                __atexit_recursive_mutex
 *(.RamFunc)
 *(.RamFunc*)
                0x2000043c                . = ALIGN (0x4)
                0x2000043c                _edata = .

.igot.plt       0x2000043c        0x0 load address 0x08001ad4
 .igot.plt      0x2000043c        0x0 c:/progra~2/gnu arm embedded toolchain/10 2021.10/bin/../lib/gcc/arm-none-eabi/10.3.1/thumb/v7-m/nofp/crtbegin.o
                0x2000043c                . = ALIGN (0x4)

.bss            0x2000043c       0xc0 load address 0x08001ad4
                0x2000043c                _sbss = .
                0x2000043c                __bss_start__ = _sbss
 *(.bss)
 .bss           0x2000043c       0x1c c:/progra~2/gnu arm embedded toolchain/10 2021.10/bin/../lib/gcc/arm-none-eabi/10.3.1/thumb/v7-m/nofp/crtbegin.o
 *(.bss*)
 .bss.hspi2     0x20000458       0x58 CMakeFiles/STM32RC522_DAT.elf.dir/Core/Src/spi.c.obj
                0x20000458                hspi2
 .bss.huart1    0x200004b0       0x44 CMakeFiles/STM32RC522_DAT.elf.dir/Core/Src/usart.c.obj
                0x200004b0                huart1
 .bss.uwTick    0x200004f4        0x4 CMakeFiles/STM32RC522_DAT.elf.dir/Drivers/STM32F1xx_HAL_Driver/Src/stm32f1xx_hal.c.obj
                0x200004f4                uwTick
 .bss.__lock___atexit_recursive_mutex
                0x200004f8        0x1 c:/progra~2/gnu arm embedded toolchain/10 2021.10/bin/../lib/gcc/arm-none-eabi/10.3.1/../../../../arm-none-eabi/lib/thumb/v7-m/nofp\libg.a(lib_a-lock.o)
                0x200004f8                __lock___atexit_recursive_mutex
 *(COMMON)
                0x200004fc                . = ALIGN (0x4)
 *fill*         0x200004f9        0x3 
                0x200004fc                _ebss = .
                0x200004fc                __bss_end__ = _ebss

._user_heap_stack
                0x200004fc      0x604 load address 0x08001ad4
                0x20000500                . = ALIGN (0x8)
 *fill*         0x200004fc        0x4 
                [!provide]                PROVIDE (end = .)
                0x20000500                PROVIDE (_end = .)
                0x20000700                . = (. + _Min_Heap_Size)
 *fill*         0x20000500      0x200 
                0x20000b00                . = (. + _Min_Stack_Size)
 *fill*         0x20000700      0x400 
                0x20000b00                . = ALIGN (0x8)

/DISCARD/
 libc.a(*)
 libm.a(*)
 libgcc.a(*)

.ARM.attributes
                0x00000000       0x29
 *(.ARM.attributes)
 .ARM.attributes
                0x00000000       0x1d c:/progra~2/gnu arm embedded toolchain/10 2021.10/bin/../lib/gcc/arm-none-eabi/10.3.1/thumb/v7-m/nofp/crti.o
 .ARM.attributes
                0x0000001d       0x2d c:/progra~2/gnu arm embedded toolchain/10 2021.10/bin/../lib/gcc/arm-none-eabi/10.3.1/thumb/v7-m/nofp/crtbegin.o
 .ARM.attributes
                0x0000004a       0x2d CMakeFiles/STM32RC522_DAT.elf.dir/Core/Src/gpio.c.obj
 .ARM.attributes
                0x00000077       0x2d CMakeFiles/STM32RC522_DAT.elf.dir/Core/Src/main.c.obj
 .ARM.attributes
                0x000000a4       0x2d CMakeFiles/STM32RC522_DAT.elf.dir/Core/Src/spi.c.obj
 .ARM.attributes
                0x000000d1       0x2d CMakeFiles/STM32RC522_DAT.elf.dir/Core/Src/stm32f1xx_hal_msp.c.obj
 .ARM.attributes
                0x000000fe       0x2d CMakeFiles/STM32RC522_DAT.elf.dir/Core/Src/stm32f1xx_it.c.obj
 .ARM.attributes
                0x0000012b       0x2d CMakeFiles/STM32RC522_DAT.elf.dir/Core/Src/system_stm32f1xx.c.obj
 .ARM.attributes
                0x00000158       0x2d CMakeFiles/STM32RC522_DAT.elf.dir/Core/Src/usart.c.obj
 .ARM.attributes
                0x00000185       0x21 CMakeFiles/STM32RC522_DAT.elf.dir/Core/Startup/startup_stm32f103c8tx.s.obj
 .ARM.attributes
                0x000001a6       0x2d CMakeFiles/STM32RC522_DAT.elf.dir/Drivers/STM32F1xx_HAL_Driver/Src/stm32f1xx_hal.c.obj
 .ARM.attributes
                0x000001d3       0x2d CMakeFiles/STM32RC522_DAT.elf.dir/Drivers/STM32F1xx_HAL_Driver/Src/stm32f1xx_hal_cortex.c.obj
 .ARM.attributes
                0x00000200       0x2d CMakeFiles/STM32RC522_DAT.elf.dir/Drivers/STM32F1xx_HAL_Driver/Src/stm32f1xx_hal_dma.c.obj
 .ARM.attributes
                0x0000022d       0x2d CMakeFiles/STM32RC522_DAT.elf.dir/Drivers/STM32F1xx_HAL_Driver/Src/stm32f1xx_hal_gpio.c.obj
 .ARM.attributes
                0x0000025a       0x2d CMakeFiles/STM32RC522_DAT.elf.dir/Drivers/STM32F1xx_HAL_Driver/Src/stm32f1xx_hal_rcc.c.obj
 .ARM.attributes
                0x00000287       0x2d CMakeFiles/STM32RC522_DAT.elf.dir/Drivers/STM32F1xx_HAL_Driver/Src/stm32f1xx_hal_spi.c.obj
 .ARM.attributes
                0x000002b4       0x2d CMakeFiles/STM32RC522_DAT.elf.dir/Drivers/STM32F1xx_HAL_Driver/Src/stm32f1xx_hal_uart.c.obj
 .ARM.attributes
                0x000002e1       0x2d c:/progra~2/gnu arm embedded toolchain/10 2021.10/bin/../lib/gcc/arm-none-eabi/10.3.1/../../../../arm-none-eabi/lib/thumb/v7-m/nofp\libg.a(lib_a-impure.o)
 .ARM.attributes
                0x0000030e       0x2d c:/progra~2/gnu arm embedded toolchain/10 2021.10/bin/../lib/gcc/arm-none-eabi/10.3.1/../../../../arm-none-eabi/lib/thumb/v7-m/nofp\libg.a(lib_a-init.o)
 .ARM.attributes
                0x0000033b       0x2d c:/progra~2/gnu arm embedded toolchain/10 2021.10/bin/../lib/gcc/arm-none-eabi/10.3.1/../../../../arm-none-eabi/lib/thumb/v7-m/nofp\libg.a(lib_a-memset.o)
 .ARM.attributes
                0x00000368       0x2d c:/progra~2/gnu arm embedded toolchain/10 2021.10/bin/../lib/gcc/arm-none-eabi/10.3.1/../../../../arm-none-eabi/lib/thumb/v7-m/nofp\libg.a(lib_a-__call_atexit.o)
 .ARM.attributes
                0x00000395       0x2d c:/progra~2/gnu arm embedded toolchain/10 2021.10/bin/../lib/gcc/arm-none-eabi/10.3.1/../../../../arm-none-eabi/lib/thumb/v7-m/nofp\libg.a(lib_a-atexit.o)
 .ARM.attributes
                0x000003c2       0x2d c:/progra~2/gnu arm embedded toolchain/10 2021.10/bin/../lib/gcc/arm-none-eabi/10.3.1/../../../../arm-none-eabi/lib/thumb/v7-m/nofp\libg.a(lib_a-fini.o)
 .ARM.attributes
                0x000003ef       0x2d c:/progra~2/gnu arm embedded toolchain/10 2021.10/bin/../lib/gcc/arm-none-eabi/10.3.1/../../../../arm-none-eabi/lib/thumb/v7-m/nofp\libg.a(lib_a-lock.o)
 .ARM.attributes
                0x0000041c       0x2d c:/progra~2/gnu arm embedded toolchain/10 2021.10/bin/../lib/gcc/arm-none-eabi/10.3.1/../../../../arm-none-eabi/lib/thumb/v7-m/nofp\libg.a(lib_a-__atexit.o)
 .ARM.attributes
                0x00000449       0x1d c:/progra~2/gnu arm embedded toolchain/10 2021.10/bin/../lib/gcc/arm-none-eabi/10.3.1/thumb/v7-m/nofp/crtn.o
OUTPUT(STM32RC522_DAT.elf elf32-littlearm)
LOAD linker stubs
LOAD c:/progra~2/gnu arm embedded toolchain/10 2021.10/bin/../lib/gcc/arm-none-eabi/10.3.1/../../../../arm-none-eabi/lib/thumb/v7-m/nofp\libc.a
LOAD c:/progra~2/gnu arm embedded toolchain/10 2021.10/bin/../lib/gcc/arm-none-eabi/10.3.1/../../../../arm-none-eabi/lib/thumb/v7-m/nofp\libm.a
LOAD c:/progra~2/gnu arm embedded toolchain/10 2021.10/bin/../lib/gcc/arm-none-eabi/10.3.1/thumb/v7-m/nofp\libgcc.a

.debug_info     0x00000000     0x8b04
 .debug_info    0x00000000      0x2d9 CMakeFiles/STM32RC522_DAT.elf.dir/Core/Src/gpio.c.obj
 .debug_info    0x000002d9      0x32e CMakeFiles/STM32RC522_DAT.elf.dir/Core/Src/main.c.obj
 .debug_info    0x00000607      0x86f CMakeFiles/STM32RC522_DAT.elf.dir/Core/Src/spi.c.obj
 .debug_info    0x00000e76      0x211 CMakeFiles/STM32RC522_DAT.elf.dir/Core/Src/stm32f1xx_hal_msp.c.obj
 .debug_info    0x00001087      0x61e CMakeFiles/STM32RC522_DAT.elf.dir/Core/Src/stm32f1xx_it.c.obj
 .debug_info    0x000016a5      0x248 CMakeFiles/STM32RC522_DAT.elf.dir/Core/Src/system_stm32f1xx.c.obj
 .debug_info    0x000018ed      0x9dd CMakeFiles/STM32RC522_DAT.elf.dir/Core/Src/usart.c.obj
 .debug_info    0x000022ca       0x22 CMakeFiles/STM32RC522_DAT.elf.dir/Core/Startup/startup_stm32f103c8tx.s.obj
 .debug_info    0x000022ec      0x7a8 CMakeFiles/STM32RC522_DAT.elf.dir/Drivers/STM32F1xx_HAL_Driver/Src/stm32f1xx_hal.c.obj
 .debug_info    0x00002a94      0xd8a CMakeFiles/STM32RC522_DAT.elf.dir/Drivers/STM32F1xx_HAL_Driver/Src/stm32f1xx_hal_cortex.c.obj
 .debug_info    0x0000381e      0x846 CMakeFiles/STM32RC522_DAT.elf.dir/Drivers/STM32F1xx_HAL_Driver/Src/stm32f1xx_hal_dma.c.obj
 .debug_info    0x00004064      0x66f CMakeFiles/STM32RC522_DAT.elf.dir/Drivers/STM32F1xx_HAL_Driver/Src/stm32f1xx_hal_gpio.c.obj
 .debug_info    0x000046d3      0xa36 CMakeFiles/STM32RC522_DAT.elf.dir/Drivers/STM32F1xx_HAL_Driver/Src/stm32f1xx_hal_rcc.c.obj
 .debug_info    0x00005109     0x1d70 CMakeFiles/STM32RC522_DAT.elf.dir/Drivers/STM32F1xx_HAL_Driver/Src/stm32f1xx_hal_spi.c.obj
 .debug_info    0x00006e79     0x1c8b CMakeFiles/STM32RC522_DAT.elf.dir/Drivers/STM32F1xx_HAL_Driver/Src/stm32f1xx_hal_uart.c.obj

.debug_abbrev   0x00000000     0x19f9
 .debug_abbrev  0x00000000      0x13c CMakeFiles/STM32RC522_DAT.elf.dir/Core/Src/gpio.c.obj
 .debug_abbrev  0x0000013c      0x162 CMakeFiles/STM32RC522_DAT.elf.dir/Core/Src/main.c.obj
 .debug_abbrev  0x0000029e      0x1c1 CMakeFiles/STM32RC522_DAT.elf.dir/Core/Src/spi.c.obj
 .debug_abbrev  0x0000045f       0xe5 CMakeFiles/STM32RC522_DAT.elf.dir/Core/Src/stm32f1xx_hal_msp.c.obj
 .debug_abbrev  0x00000544      0x154 CMakeFiles/STM32RC522_DAT.elf.dir/Core/Src/stm32f1xx_it.c.obj
 .debug_abbrev  0x00000698      0x13e CMakeFiles/STM32RC522_DAT.elf.dir/Core/Src/system_stm32f1xx.c.obj
 .debug_abbrev  0x000007d6      0x1ca CMakeFiles/STM32RC522_DAT.elf.dir/Core/Src/usart.c.obj
 .debug_abbrev  0x000009a0       0x12 CMakeFiles/STM32RC522_DAT.elf.dir/Core/Startup/startup_stm32f103c8tx.s.obj
 .debug_abbrev  0x000009b2      0x1f4 CMakeFiles/STM32RC522_DAT.elf.dir/Drivers/STM32F1xx_HAL_Driver/Src/stm32f1xx_hal.c.obj
 .debug_abbrev  0x00000ba6      0x341 CMakeFiles/STM32RC522_DAT.elf.dir/Drivers/STM32F1xx_HAL_Driver/Src/stm32f1xx_hal_cortex.c.obj
 .debug_abbrev  0x00000ee7      0x223 CMakeFiles/STM32RC522_DAT.elf.dir/Drivers/STM32F1xx_HAL_Driver/Src/stm32f1xx_hal_dma.c.obj
 .debug_abbrev  0x0000110a      0x1e6 CMakeFiles/STM32RC522_DAT.elf.dir/Drivers/STM32F1xx_HAL_Driver/Src/stm32f1xx_hal_gpio.c.obj
 .debug_abbrev  0x000012f0      0x27a CMakeFiles/STM32RC522_DAT.elf.dir/Drivers/STM32F1xx_HAL_Driver/Src/stm32f1xx_hal_rcc.c.obj
 .debug_abbrev  0x0000156a      0x23b CMakeFiles/STM32RC522_DAT.elf.dir/Drivers/STM32F1xx_HAL_Driver/Src/stm32f1xx_hal_spi.c.obj
 .debug_abbrev  0x000017a5      0x254 CMakeFiles/STM32RC522_DAT.elf.dir/Drivers/STM32F1xx_HAL_Driver/Src/stm32f1xx_hal_uart.c.obj

.debug_aranges  0x00000000      0x830
 .debug_aranges
                0x00000000       0x20 CMakeFiles/STM32RC522_DAT.elf.dir/Core/Src/gpio.c.obj
 .debug_aranges
                0x00000020       0x30 CMakeFiles/STM32RC522_DAT.elf.dir/Core/Src/main.c.obj
 .debug_aranges
                0x00000050       0x30 CMakeFiles/STM32RC522_DAT.elf.dir/Core/Src/spi.c.obj
 .debug_aranges
                0x00000080       0x20 CMakeFiles/STM32RC522_DAT.elf.dir/Core/Src/stm32f1xx_hal_msp.c.obj
 .debug_aranges
                0x000000a0       0x68 CMakeFiles/STM32RC522_DAT.elf.dir/Core/Src/stm32f1xx_it.c.obj
 .debug_aranges
                0x00000108       0x28 CMakeFiles/STM32RC522_DAT.elf.dir/Core/Src/system_stm32f1xx.c.obj
 .debug_aranges
                0x00000130       0x30 CMakeFiles/STM32RC522_DAT.elf.dir/Core/Src/usart.c.obj
 .debug_aranges
                0x00000160       0x28 CMakeFiles/STM32RC522_DAT.elf.dir/Core/Startup/startup_stm32f103c8tx.s.obj
 .debug_aranges
                0x00000188       0xe0 CMakeFiles/STM32RC522_DAT.elf.dir/Drivers/STM32F1xx_HAL_Driver/Src/stm32f1xx_hal.c.obj
 .debug_aranges
                0x00000268       0x90 CMakeFiles/STM32RC522_DAT.elf.dir/Drivers/STM32F1xx_HAL_Driver/Src/stm32f1xx_hal_cortex.c.obj
 .debug_aranges
                0x000002f8       0x80 CMakeFiles/STM32RC522_DAT.elf.dir/Drivers/STM32F1xx_HAL_Driver/Src/stm32f1xx_hal_dma.c.obj
 .debug_aranges
                0x00000378       0x58 CMakeFiles/STM32RC522_DAT.elf.dir/Drivers/STM32F1xx_HAL_Driver/Src/stm32f1xx_hal_gpio.c.obj
 .debug_aranges
                0x000003d0       0x90 CMakeFiles/STM32RC522_DAT.elf.dir/Drivers/STM32F1xx_HAL_Driver/Src/stm32f1xx_hal_rcc.c.obj
 .debug_aranges
                0x00000460      0x1d0 CMakeFiles/STM32RC522_DAT.elf.dir/Drivers/STM32F1xx_HAL_Driver/Src/stm32f1xx_hal_spi.c.obj
 .debug_aranges
                0x00000630      0x200 CMakeFiles/STM32RC522_DAT.elf.dir/Drivers/STM32F1xx_HAL_Driver/Src/stm32f1xx_hal_uart.c.obj

.debug_ranges   0x00000000      0x7c8
 .debug_ranges  0x00000000       0x10 CMakeFiles/STM32RC522_DAT.elf.dir/Core/Src/gpio.c.obj
 .debug_ranges  0x00000010       0x20 CMakeFiles/STM32RC522_DAT.elf.dir/Core/Src/main.c.obj
 .debug_ranges  0x00000030       0x20 CMakeFiles/STM32RC522_DAT.elf.dir/Core/Src/spi.c.obj
 .debug_ranges  0x00000050       0x10 CMakeFiles/STM32RC522_DAT.elf.dir/Core/Src/stm32f1xx_hal_msp.c.obj
 .debug_ranges  0x00000060       0x58 CMakeFiles/STM32RC522_DAT.elf.dir/Core/Src/stm32f1xx_it.c.obj
 .debug_ranges  0x000000b8       0x18 CMakeFiles/STM32RC522_DAT.elf.dir/Core/Src/system_stm32f1xx.c.obj
 .debug_ranges  0x000000d0       0x20 CMakeFiles/STM32RC522_DAT.elf.dir/Core/Src/usart.c.obj
 .debug_ranges  0x000000f0       0x20 CMakeFiles/STM32RC522_DAT.elf.dir/Core/Startup/startup_stm32f103c8tx.s.obj
 .debug_ranges  0x00000110       0xd0 CMakeFiles/STM32RC522_DAT.elf.dir/Drivers/STM32F1xx_HAL_Driver/Src/stm32f1xx_hal.c.obj
 .debug_ranges  0x000001e0       0xe0 CMakeFiles/STM32RC522_DAT.elf.dir/Drivers/STM32F1xx_HAL_Driver/Src/stm32f1xx_hal_cortex.c.obj
 .debug_ranges  0x000002c0       0x70 CMakeFiles/STM32RC522_DAT.elf.dir/Drivers/STM32F1xx_HAL_Driver/Src/stm32f1xx_hal_dma.c.obj
 .debug_ranges  0x00000330       0x48 CMakeFiles/STM32RC522_DAT.elf.dir/Drivers/STM32F1xx_HAL_Driver/Src/stm32f1xx_hal_gpio.c.obj
 .debug_ranges  0x00000378       0xa0 CMakeFiles/STM32RC522_DAT.elf.dir/Drivers/STM32F1xx_HAL_Driver/Src/stm32f1xx_hal_rcc.c.obj
 .debug_ranges  0x00000418      0x1c0 CMakeFiles/STM32RC522_DAT.elf.dir/Drivers/STM32F1xx_HAL_Driver/Src/stm32f1xx_hal_spi.c.obj
 .debug_ranges  0x000005d8      0x1f0 CMakeFiles/STM32RC522_DAT.elf.dir/Drivers/STM32F1xx_HAL_Driver/Src/stm32f1xx_hal_uart.c.obj

.debug_line     0x00000000     0x8730
 .debug_line    0x00000000      0x259 CMakeFiles/STM32RC522_DAT.elf.dir/Core/Src/gpio.c.obj
 .debug_line    0x00000259      0x389 CMakeFiles/STM32RC522_DAT.elf.dir/Core/Src/main.c.obj
 .debug_line    0x000005e2      0x3d4 CMakeFiles/STM32RC522_DAT.elf.dir/Core/Src/spi.c.obj
 .debug_line    0x000009b6      0x1d0 CMakeFiles/STM32RC522_DAT.elf.dir/Core/Src/stm32f1xx_hal_msp.c.obj
 .debug_line    0x00000b86      0x379 CMakeFiles/STM32RC522_DAT.elf.dir/Core/Src/stm32f1xx_it.c.obj
 .debug_line    0x00000eff      0x29a CMakeFiles/STM32RC522_DAT.elf.dir/Core/Src/system_stm32f1xx.c.obj
 .debug_line    0x00001199      0x3d8 CMakeFiles/STM32RC522_DAT.elf.dir/Core/Src/usart.c.obj
 .debug_line    0x00001571       0xbd CMakeFiles/STM32RC522_DAT.elf.dir/Core/Startup/startup_stm32f103c8tx.s.obj
 .debug_line    0x0000162e      0x5f4 CMakeFiles/STM32RC522_DAT.elf.dir/Drivers/STM32F1xx_HAL_Driver/Src/stm32f1xx_hal.c.obj
 .debug_line    0x00001c22      0x6c6 CMakeFiles/STM32RC522_DAT.elf.dir/Drivers/STM32F1xx_HAL_Driver/Src/stm32f1xx_hal_cortex.c.obj
 .debug_line    0x000022e8      0xae0 CMakeFiles/STM32RC522_DAT.elf.dir/Drivers/STM32F1xx_HAL_Driver/Src/stm32f1xx_hal_dma.c.obj
 .debug_line    0x00002dc8      0x670 CMakeFiles/STM32RC522_DAT.elf.dir/Drivers/STM32F1xx_HAL_Driver/Src/stm32f1xx_hal_gpio.c.obj
 .debug_line    0x00003438      0xcb9 CMakeFiles/STM32RC522_DAT.elf.dir/Drivers/STM32F1xx_HAL_Driver/Src/stm32f1xx_hal_rcc.c.obj
 .debug_line    0x000040f1     0x24f7 CMakeFiles/STM32RC522_DAT.elf.dir/Drivers/STM32F1xx_HAL_Driver/Src/stm32f1xx_hal_spi.c.obj
 .debug_line    0x000065e8     0x2148 CMakeFiles/STM32RC522_DAT.elf.dir/Drivers/STM32F1xx_HAL_Driver/Src/stm32f1xx_hal_uart.c.obj

.debug_str      0x00000000     0x28db
 .debug_str     0x00000000      0x297 CMakeFiles/STM32RC522_DAT.elf.dir/Core/Src/gpio.c.obj
                                0x2e7 (size before relaxing)
 .debug_str     0x00000297      0x214 CMakeFiles/STM32RC522_DAT.elf.dir/Core/Src/main.c.obj
                                0x3db (size before relaxing)
 .debug_str     0x000004ab      0x405 CMakeFiles/STM32RC522_DAT.elf.dir/Core/Src/spi.c.obj
                                0x6f5 (size before relaxing)
 .debug_str     0x000008b0       0x90 CMakeFiles/STM32RC522_DAT.elf.dir/Core/Src/stm32f1xx_hal_msp.c.obj
                                0x289 (size before relaxing)
 .debug_str     0x00000940      0x28a CMakeFiles/STM32RC522_DAT.elf.dir/Core/Src/stm32f1xx_it.c.obj
                                0x69f (size before relaxing)
 .debug_str     0x00000bca       0xb4 CMakeFiles/STM32RC522_DAT.elf.dir/Core/Src/system_stm32f1xx.c.obj
                                0x2be (size before relaxing)
 .debug_str     0x00000c7e      0x398 CMakeFiles/STM32RC522_DAT.elf.dir/Core/Src/usart.c.obj
                                0xa13 (size before relaxing)
 .debug_str     0x00001016       0x6c CMakeFiles/STM32RC522_DAT.elf.dir/Core/Startup/startup_stm32f103c8tx.s.obj
                                 0xb7 (size before relaxing)
 .debug_str     0x00001082      0x33a CMakeFiles/STM32RC522_DAT.elf.dir/Drivers/STM32F1xx_HAL_Driver/Src/stm32f1xx_hal.c.obj
                                0x88e (size before relaxing)
 .debug_str     0x000013bc      0x3d4 CMakeFiles/STM32RC522_DAT.elf.dir/Drivers/STM32F1xx_HAL_Driver/Src/stm32f1xx_hal_cortex.c.obj
                                0x93d (size before relaxing)
 .debug_str     0x00001790      0x27a CMakeFiles/STM32RC522_DAT.elf.dir/Drivers/STM32F1xx_HAL_Driver/Src/stm32f1xx_hal_dma.c.obj
                                0x667 (size before relaxing)
 .debug_str     0x00001a0a      0x14b CMakeFiles/STM32RC522_DAT.elf.dir/Drivers/STM32F1xx_HAL_Driver/Src/stm32f1xx_hal_gpio.c.obj
                                0x46a (size before relaxing)
 .debug_str     0x00001b55      0x22a CMakeFiles/STM32RC522_DAT.elf.dir/Drivers/STM32F1xx_HAL_Driver/Src/stm32f1xx_hal_rcc.c.obj
                                0x695 (size before relaxing)
 .debug_str     0x00001d7f      0x55e CMakeFiles/STM32RC522_DAT.elf.dir/Drivers/STM32F1xx_HAL_Driver/Src/stm32f1xx_hal_spi.c.obj
                                0xbd1 (size before relaxing)
 .debug_str     0x000022dd      0x5fe CMakeFiles/STM32RC522_DAT.elf.dir/Drivers/STM32F1xx_HAL_Driver/Src/stm32f1xx_hal_uart.c.obj
                                0xcf8 (size before relaxing)

.comment        0x00000000       0x49
 .comment       0x00000000       0x49 CMakeFiles/STM32RC522_DAT.elf.dir/Core/Src/gpio.c.obj
                                 0x4a (size before relaxing)
 .comment       0x00000049       0x4a CMakeFiles/STM32RC522_DAT.elf.dir/Core/Src/main.c.obj
 .comment       0x00000049       0x4a CMakeFiles/STM32RC522_DAT.elf.dir/Core/Src/spi.c.obj
 .comment       0x00000049       0x4a CMakeFiles/STM32RC522_DAT.elf.dir/Core/Src/stm32f1xx_hal_msp.c.obj
 .comment       0x00000049       0x4a CMakeFiles/STM32RC522_DAT.elf.dir/Core/Src/stm32f1xx_it.c.obj
 .comment       0x00000049       0x4a CMakeFiles/STM32RC522_DAT.elf.dir/Core/Src/system_stm32f1xx.c.obj
 .comment       0x00000049       0x4a CMakeFiles/STM32RC522_DAT.elf.dir/Core/Src/usart.c.obj
 .comment       0x00000049       0x4a CMakeFiles/STM32RC522_DAT.elf.dir/Drivers/STM32F1xx_HAL_Driver/Src/stm32f1xx_hal.c.obj
 .comment       0x00000049       0x4a CMakeFiles/STM32RC522_DAT.elf.dir/Drivers/STM32F1xx_HAL_Driver/Src/stm32f1xx_hal_cortex.c.obj
 .comment       0x00000049       0x4a CMakeFiles/STM32RC522_DAT.elf.dir/Drivers/STM32F1xx_HAL_Driver/Src/stm32f1xx_hal_dma.c.obj
 .comment       0x00000049       0x4a CMakeFiles/STM32RC522_DAT.elf.dir/Drivers/STM32F1xx_HAL_Driver/Src/stm32f1xx_hal_gpio.c.obj
 .comment       0x00000049       0x4a CMakeFiles/STM32RC522_DAT.elf.dir/Drivers/STM32F1xx_HAL_Driver/Src/stm32f1xx_hal_rcc.c.obj
 .comment       0x00000049       0x4a CMakeFiles/STM32RC522_DAT.elf.dir/Drivers/STM32F1xx_HAL_Driver/Src/stm32f1xx_hal_spi.c.obj
 .comment       0x00000049       0x4a CMakeFiles/STM32RC522_DAT.elf.dir/Drivers/STM32F1xx_HAL_Driver/Src/stm32f1xx_hal_uart.c.obj

.debug_frame    0x00000000     0x1654
 .debug_frame   0x00000000       0x30 CMakeFiles/STM32RC522_DAT.elf.dir/Core/Src/gpio.c.obj
 .debug_frame   0x00000030       0x58 CMakeFiles/STM32RC522_DAT.elf.dir/Core/Src/main.c.obj
 .debug_frame   0x00000088       0x60 CMakeFiles/STM32RC522_DAT.elf.dir/Core/Src/spi.c.obj
 .debug_frame   0x000000e8       0x28 CMakeFiles/STM32RC522_DAT.elf.dir/Core/Src/stm32f1xx_hal_msp.c.obj
 .debug_frame   0x00000110       0xc0 CMakeFiles/STM32RC522_DAT.elf.dir/Core/Src/stm32f1xx_it.c.obj
 .debug_frame   0x000001d0       0x30 CMakeFiles/STM32RC522_DAT.elf.dir/Core/Src/system_stm32f1xx.c.obj
 .debug_frame   0x00000200       0x64 CMakeFiles/STM32RC522_DAT.elf.dir/Core/Src/usart.c.obj
 .debug_frame   0x00000264      0x1cc CMakeFiles/STM32RC522_DAT.elf.dir/Drivers/STM32F1xx_HAL_Driver/Src/stm32f1xx_hal.c.obj
 .debug_frame   0x00000430      0x118 CMakeFiles/STM32RC522_DAT.elf.dir/Drivers/STM32F1xx_HAL_Driver/Src/stm32f1xx_hal_cortex.c.obj
 .debug_frame   0x00000548      0x144 CMakeFiles/STM32RC522_DAT.elf.dir/Drivers/STM32F1xx_HAL_Driver/Src/stm32f1xx_hal_dma.c.obj
 .debug_frame   0x0000068c       0xe4 CMakeFiles/STM32RC522_DAT.elf.dir/Drivers/STM32F1xx_HAL_Driver/Src/stm32f1xx_hal_gpio.c.obj
 .debug_frame   0x00000770      0x190 CMakeFiles/STM32RC522_DAT.elf.dir/Drivers/STM32F1xx_HAL_Driver/Src/stm32f1xx_hal_rcc.c.obj
 .debug_frame   0x00000900      0x5a4 CMakeFiles/STM32RC522_DAT.elf.dir/Drivers/STM32F1xx_HAL_Driver/Src/stm32f1xx_hal_spi.c.obj
 .debug_frame   0x00000ea4      0x5c4 CMakeFiles/STM32RC522_DAT.elf.dir/Drivers/STM32F1xx_HAL_Driver/Src/stm32f1xx_hal_uart.c.obj
 .debug_frame   0x00001468       0x2c c:/progra~2/gnu arm embedded toolchain/10 2021.10/bin/../lib/gcc/arm-none-eabi/10.3.1/../../../../arm-none-eabi/lib/thumb/v7-m/nofp\libg.a(lib_a-init.o)
 .debug_frame   0x00001494       0x2c c:/progra~2/gnu arm embedded toolchain/10 2021.10/bin/../lib/gcc/arm-none-eabi/10.3.1/../../../../arm-none-eabi/lib/thumb/v7-m/nofp\libg.a(lib_a-memset.o)
 .debug_frame   0x000014c0       0x5c c:/progra~2/gnu arm embedded toolchain/10 2021.10/bin/../lib/gcc/arm-none-eabi/10.3.1/../../../../arm-none-eabi/lib/thumb/v7-m/nofp\libg.a(lib_a-__call_atexit.o)
 .debug_frame   0x0000151c       0x20 c:/progra~2/gnu arm embedded toolchain/10 2021.10/bin/../lib/gcc/arm-none-eabi/10.3.1/../../../../arm-none-eabi/lib/thumb/v7-m/nofp\libg.a(lib_a-atexit.o)
 .debug_frame   0x0000153c       0x34 c:/progra~2/gnu arm embedded toolchain/10 2021.10/bin/../lib/gcc/arm-none-eabi/10.3.1/../../../../arm-none-eabi/lib/thumb/v7-m/nofp\libg.a(lib_a-fini.o)
 .debug_frame   0x00001570       0xb0 c:/progra~2/gnu arm embedded toolchain/10 2021.10/bin/../lib/gcc/arm-none-eabi/10.3.1/../../../../arm-none-eabi/lib/thumb/v7-m/nofp\libg.a(lib_a-lock.o)
 .debug_frame   0x00001620       0x34 c:/progra~2/gnu arm embedded toolchain/10 2021.10/bin/../lib/gcc/arm-none-eabi/10.3.1/../../../../arm-none-eabi/lib/thumb/v7-m/nofp\libg.a(lib_a-__atexit.o)

.debug_loc      0x00000000     0x5a8d
 .debug_loc     0x00000000       0x84 CMakeFiles/STM32RC522_DAT.elf.dir/Core/Src/spi.c.obj
 .debug_loc     0x00000084       0x15 CMakeFiles/STM32RC522_DAT.elf.dir/Core/Src/stm32f1xx_hal_msp.c.obj
 .debug_loc     0x00000099       0xff CMakeFiles/STM32RC522_DAT.elf.dir/Core/Src/system_stm32f1xx.c.obj
 .debug_loc     0x00000198       0x84 CMakeFiles/STM32RC522_DAT.elf.dir/Core/Src/usart.c.obj
 .debug_loc     0x0000021c      0x141 CMakeFiles/STM32RC522_DAT.elf.dir/Drivers/STM32F1xx_HAL_Driver/Src/stm32f1xx_hal.c.obj
 .debug_loc     0x0000035d      0x71f CMakeFiles/STM32RC522_DAT.elf.dir/Drivers/STM32F1xx_HAL_Driver/Src/stm32f1xx_hal_cortex.c.obj
 .debug_loc     0x00000a7c      0x7d1 CMakeFiles/STM32RC522_DAT.elf.dir/Drivers/STM32F1xx_HAL_Driver/Src/stm32f1xx_hal_dma.c.obj
 .debug_loc     0x0000124d      0x47d CMakeFiles/STM32RC522_DAT.elf.dir/Drivers/STM32F1xx_HAL_Driver/Src/stm32f1xx_hal_gpio.c.obj
 .debug_loc     0x000016ca      0x63e CMakeFiles/STM32RC522_DAT.elf.dir/Drivers/STM32F1xx_HAL_Driver/Src/stm32f1xx_hal_rcc.c.obj
 .debug_loc     0x00001d08     0x1d4e CMakeFiles/STM32RC522_DAT.elf.dir/Drivers/STM32F1xx_HAL_Driver/Src/stm32f1xx_hal_spi.c.obj
 .debug_loc     0x00003a56     0x2037 CMakeFiles/STM32RC522_DAT.elf.dir/Drivers/STM32F1xx_HAL_Driver/Src/stm32f1xx_hal_uart.c.obj
